
AVRASM ver. 2.1.30  E:\Kuliah\Semester 5\Sistem Embedded 1\Coba Tone\Debug\List\main.asm Thu Nov 07 09:13:00 2019

E:\Kuliah\Semester 5\Sistem Embedded 1\Coba Tone\Debug\List\main.asm(1090): warning: Register r5 already defined by the .DEF directive
E:\Kuliah\Semester 5\Sistem Embedded 1\Coba Tone\Debug\List\main.asm(1091): warning: Register r4 already defined by the .DEF directive
E:\Kuliah\Semester 5\Sistem Embedded 1\Coba Tone\Debug\List\main.asm(1092): warning: Register r7 already defined by the .DEF directive
E:\Kuliah\Semester 5\Sistem Embedded 1\Coba Tone\Debug\List\main.asm(1093): warning: Register r8 already defined by the .DEF directive
E:\Kuliah\Semester 5\Sistem Embedded 1\Coba Tone\Debug\List\main.asm(1094): warning: Register r9 already defined by the .DEF directive
E:\Kuliah\Semester 5\Sistem Embedded 1\Coba Tone\Debug\List\main.asm(1095): warning: Register r10 already defined by the .DEF directive
E:\Kuliah\Semester 5\Sistem Embedded 1\Coba Tone\Debug\List\main.asm(1096): warning: Register r11 already defined by the .DEF directive
E:\Kuliah\Semester 5\Sistem Embedded 1\Coba Tone\Debug\List\main.asm(1097): warning: Register r6 already defined by the .DEF directive
E:\Kuliah\Semester 5\Sistem Embedded 1\Coba Tone\Debug\List\main.asm(1098): warning: Register r13 already defined by the .DEF directive
E:\Kuliah\Semester 5\Sistem Embedded 1\Coba Tone\Debug\List\main.asm(1099): warning: Register r12 already defined by the .DEF directive
                 
                 
                 ;CodeVisionAVR C Compiler V3.12 Advanced
                 ;(C) Copyright 1998-2014 Pavel Haiduc, HP InfoTech s.r.l.
                 ;http://www.hpinfotech.com
                 
                 ;Build configuration    : Debug
                 ;Chip type              : ATmega162
                 ;Program type           : Application
                 ;Clock frequency        : 12,000000 MHz
                 ;Memory model           : Small
                 ;Optimize for           : Size
                 ;(s)printf features     : int, width
                 ;(s)scanf features      : int, width
                 ;External RAM size      : 0
                 ;Data Stack size        : 256 byte(s)
                 ;Heap size              : 0 byte(s)
                 ;Promote 'char' to 'int': Yes
                 ;'char' is unsigned     : Yes
                 ;8 bit enums            : Yes
                 ;Global 'const' stored in FLASH: Yes
                 ;Enhanced function parameter passing: Yes
                 ;Enhanced core instructions: On
                 ;Automatic register allocation for global variables: On
                 ;Smart register allocation: On
                 
                 	#define _MODEL_SMALL_
                 
                 	#pragma AVRPART ADMIN PART_NAME ATmega162
                 	#pragma AVRPART MEMORY PROG_FLASH 16384
                 	#pragma AVRPART MEMORY EEPROM 512
                 	#pragma AVRPART MEMORY INT_SRAM SIZE 1024
                 	#pragma AVRPART MEMORY INT_SRAM START_ADDR 0x100
                 
                 	#define CALL_SUPPORTED 1
                 
                 	.LISTMAC
                 	.EQU UDRE=0x5
                 	.EQU RXC=0x7
                 	.EQU USR=0xB
                 	.EQU UDR=0xC
                 	.EQU SPSR=0xE
                 	.EQU SPDR=0xF
                 	.EQU EERE=0x0
                 	.EQU EEWE=0x1
                 	.EQU EEMWE=0x2
                 	.EQU EECR=0x1C
                 	.EQU EEDR=0x1D
                 	.EQU EEARL=0x1E
                 	.EQU EEARH=0x1F
                 	.EQU WDTCR=0x21
                 	.EQU MCUCSR=0x34
                 	.EQU MCUCR=0x35
                 	.EQU EMCUCR=0x36
                 	.EQU GICR=0x3B
                 	.EQU SPL=0x3D
                 	.EQU SPH=0x3E
                 	.EQU SREG=0x3F
                 
                 	.DEF R0X0=R0
                 	.DEF R0X1=R1
                 	.DEF R0X2=R2
                 	.DEF R0X3=R3
                 	.DEF R0X4=R4
                 	.DEF R0X5=R5
                 	.DEF R0X6=R6
                 	.DEF R0X7=R7
                 	.DEF R0X8=R8
                 	.DEF R0X9=R9
                 	.DEF R0XA=R10
                 	.DEF R0XB=R11
                 	.DEF R0XC=R12
                 	.DEF R0XD=R13
                 	.DEF R0XE=R14
                 	.DEF R0XF=R15
                 	.DEF R0X10=R16
                 	.DEF R0X11=R17
                 	.DEF R0X12=R18
                 	.DEF R0X13=R19
                 	.DEF R0X14=R20
                 	.DEF R0X15=R21
                 	.DEF R0X16=R22
                 	.DEF R0X17=R23
                 	.DEF R0X18=R24
                 	.DEF R0X19=R25
                 	.DEF R0X1A=R26
                 	.DEF R0X1B=R27
                 	.DEF R0X1C=R28
                 	.DEF R0X1D=R29
                 	.DEF R0X1E=R30
                 	.DEF R0X1F=R31
                 
                 	.EQU __SRAM_START=0x0100
                 	.EQU __SRAM_END=0x04FF
                 	.EQU __DSTACK_SIZE=0x0100
                 	.EQU __HEAP_SIZE=0x0000
                 	.EQU __CLEAR_SRAM_SIZE=__SRAM_END-__SRAM_START+1
                 
                 	.MACRO __CPD1N
                 	CPI  R30,LOW(@0)
                 	LDI  R26,HIGH(@0)
                 	CPC  R31,R26
                 	LDI  R26,BYTE3(@0)
                 	CPC  R22,R26
                 	LDI  R26,BYTE4(@0)
                 	CPC  R23,R26
                 	.ENDM
                 
                 	.MACRO __CPD2N
                 	CPI  R26,LOW(@0)
                 	LDI  R30,HIGH(@0)
                 	CPC  R27,R30
                 	LDI  R30,BYTE3(@0)
                 	CPC  R24,R30
                 	LDI  R30,BYTE4(@0)
                 	CPC  R25,R30
                 	.ENDM
                 
                 	.MACRO __CPWRR
                 	CP   R@0,R@2
                 	CPC  R@1,R@3
                 	.ENDM
                 
                 	.MACRO __CPWRN
                 	CPI  R@0,LOW(@2)
                 	LDI  R30,HIGH(@2)
                 	CPC  R@1,R30
                 	.ENDM
                 
                 	.MACRO __ADDB1MN
                 	SUBI R30,LOW(-@0-(@1))
                 	.ENDM
                 
                 	.MACRO __ADDB2MN
                 	SUBI R26,LOW(-@0-(@1))
                 	.ENDM
                 
                 	.MACRO __ADDW1MN
                 	SUBI R30,LOW(-@0-(@1))
                 	SBCI R31,HIGH(-@0-(@1))
                 	.ENDM
                 
                 	.MACRO __ADDW2MN
                 	SUBI R26,LOW(-@0-(@1))
                 	SBCI R27,HIGH(-@0-(@1))
                 	.ENDM
                 
                 	.MACRO __ADDW1FN
                 	SUBI R30,LOW(-2*@0-(@1))
                 	SBCI R31,HIGH(-2*@0-(@1))
                 	.ENDM
                 
                 	.MACRO __ADDD1FN
                 	SUBI R30,LOW(-2*@0-(@1))
                 	SBCI R31,HIGH(-2*@0-(@1))
                 	SBCI R22,BYTE3(-2*@0-(@1))
                 	.ENDM
                 
                 	.MACRO __ADDD1N
                 	SUBI R30,LOW(-@0)
                 	SBCI R31,HIGH(-@0)
                 	SBCI R22,BYTE3(-@0)
                 	SBCI R23,BYTE4(-@0)
                 	.ENDM
                 
                 	.MACRO __ADDD2N
                 	SUBI R26,LOW(-@0)
                 	SBCI R27,HIGH(-@0)
                 	SBCI R24,BYTE3(-@0)
                 	SBCI R25,BYTE4(-@0)
                 	.ENDM
                 
                 	.MACRO __SUBD1N
                 	SUBI R30,LOW(@0)
                 	SBCI R31,HIGH(@0)
                 	SBCI R22,BYTE3(@0)
                 	SBCI R23,BYTE4(@0)
                 	.ENDM
                 
                 	.MACRO __SUBD2N
                 	SUBI R26,LOW(@0)
                 	SBCI R27,HIGH(@0)
                 	SBCI R24,BYTE3(@0)
                 	SBCI R25,BYTE4(@0)
                 	.ENDM
                 
                 	.MACRO __ANDBMNN
                 	LDS  R30,@0+(@1)
                 	ANDI R30,LOW(@2)
                 	STS  @0+(@1),R30
                 	.ENDM
                 
                 	.MACRO __ANDWMNN
                 	LDS  R30,@0+(@1)
                 	ANDI R30,LOW(@2)
                 	STS  @0+(@1),R30
                 	LDS  R30,@0+(@1)+1
                 	ANDI R30,HIGH(@2)
                 	STS  @0+(@1)+1,R30
                 	.ENDM
                 
                 	.MACRO __ANDD1N
                 	ANDI R30,LOW(@0)
                 	ANDI R31,HIGH(@0)
                 	ANDI R22,BYTE3(@0)
                 	ANDI R23,BYTE4(@0)
                 	.ENDM
                 
                 	.MACRO __ANDD2N
                 	ANDI R26,LOW(@0)
                 	ANDI R27,HIGH(@0)
                 	ANDI R24,BYTE3(@0)
                 	ANDI R25,BYTE4(@0)
                 	.ENDM
                 
                 	.MACRO __ORBMNN
                 	LDS  R30,@0+(@1)
                 	ORI  R30,LOW(@2)
                 	STS  @0+(@1),R30
                 	.ENDM
                 
                 	.MACRO __ORWMNN
                 	LDS  R30,@0+(@1)
                 	ORI  R30,LOW(@2)
                 	STS  @0+(@1),R30
                 	LDS  R30,@0+(@1)+1
                 	ORI  R30,HIGH(@2)
                 	STS  @0+(@1)+1,R30
                 	.ENDM
                 
                 	.MACRO __ORD1N
                 	ORI  R30,LOW(@0)
                 	ORI  R31,HIGH(@0)
                 	ORI  R22,BYTE3(@0)
                 	ORI  R23,BYTE4(@0)
                 	.ENDM
                 
                 	.MACRO __ORD2N
                 	ORI  R26,LOW(@0)
                 	ORI  R27,HIGH(@0)
                 	ORI  R24,BYTE3(@0)
                 	ORI  R25,BYTE4(@0)
                 	.ENDM
                 
                 	.MACRO __DELAY_USB
                 	LDI  R24,LOW(@0)
                 __DELAY_USB_LOOP:
                 	DEC  R24
                 	BRNE __DELAY_USB_LOOP
                 	.ENDM
                 
                 	.MACRO __DELAY_USW
                 	LDI  R24,LOW(@0)
                 	LDI  R25,HIGH(@0)
                 __DELAY_USW_LOOP:
                 	SBIW R24,1
                 	BRNE __DELAY_USW_LOOP
                 	.ENDM
                 
                 	.MACRO __GETD1S
                 	LDD  R30,Y+@0
                 	LDD  R31,Y+@0+1
                 	LDD  R22,Y+@0+2
                 	LDD  R23,Y+@0+3
                 	.ENDM
                 
                 	.MACRO __GETD2S
                 	LDD  R26,Y+@0
                 	LDD  R27,Y+@0+1
                 	LDD  R24,Y+@0+2
                 	LDD  R25,Y+@0+3
                 	.ENDM
                 
                 	.MACRO __PUTD1S
                 	STD  Y+@0,R30
                 	STD  Y+@0+1,R31
                 	STD  Y+@0+2,R22
                 	STD  Y+@0+3,R23
                 	.ENDM
                 
                 	.MACRO __PUTD2S
                 	STD  Y+@0,R26
                 	STD  Y+@0+1,R27
                 	STD  Y+@0+2,R24
                 	STD  Y+@0+3,R25
                 	.ENDM
                 
                 	.MACRO __PUTDZ2
                 	STD  Z+@0,R26
                 	STD  Z+@0+1,R27
                 	STD  Z+@0+2,R24
                 	STD  Z+@0+3,R25
                 	.ENDM
                 
                 	.MACRO __CLRD1S
                 	STD  Y+@0,R30
                 	STD  Y+@0+1,R30
                 	STD  Y+@0+2,R30
                 	STD  Y+@0+3,R30
                 	.ENDM
                 
                 	.MACRO __POINTB1MN
                 	LDI  R30,LOW(@0+(@1))
                 	.ENDM
                 
                 	.MACRO __POINTW1MN
                 	LDI  R30,LOW(@0+(@1))
                 	LDI  R31,HIGH(@0+(@1))
                 	.ENDM
                 
                 	.MACRO __POINTD1M
                 	LDI  R30,LOW(@0)
                 	LDI  R31,HIGH(@0)
                 	LDI  R22,BYTE3(@0)
                 	LDI  R23,BYTE4(@0)
                 	.ENDM
                 
                 	.MACRO __POINTW1FN
                 	LDI  R30,LOW(2*@0+(@1))
                 	LDI  R31,HIGH(2*@0+(@1))
                 	.ENDM
                 
                 	.MACRO __POINTD1FN
                 	LDI  R30,LOW(2*@0+(@1))
                 	LDI  R31,HIGH(2*@0+(@1))
                 	LDI  R22,BYTE3(2*@0+(@1))
                 	LDI  R23,BYTE4(2*@0+(@1))
                 	.ENDM
                 
                 	.MACRO __POINTB2MN
                 	LDI  R26,LOW(@0+(@1))
                 	.ENDM
                 
                 	.MACRO __POINTW2MN
                 	LDI  R26,LOW(@0+(@1))
                 	LDI  R27,HIGH(@0+(@1))
                 	.ENDM
                 
                 	.MACRO __POINTW2FN
                 	LDI  R26,LOW(2*@0+(@1))
                 	LDI  R27,HIGH(2*@0+(@1))
                 	.ENDM
                 
                 	.MACRO __POINTD2FN
                 	LDI  R26,LOW(2*@0+(@1))
                 	LDI  R27,HIGH(2*@0+(@1))
                 	LDI  R24,BYTE3(2*@0+(@1))
                 	LDI  R25,BYTE4(2*@0+(@1))
                 	.ENDM
                 
                 	.MACRO __POINTBRM
                 	LDI  R@0,LOW(@1)
                 	.ENDM
                 
                 	.MACRO __POINTWRM
                 	LDI  R@0,LOW(@2)
                 	LDI  R@1,HIGH(@2)
                 	.ENDM
                 
                 	.MACRO __POINTBRMN
                 	LDI  R@0,LOW(@1+(@2))
                 	.ENDM
                 
                 	.MACRO __POINTWRMN
                 	LDI  R@0,LOW(@2+(@3))
                 	LDI  R@1,HIGH(@2+(@3))
                 	.ENDM
                 
                 	.MACRO __POINTWRFN
                 	LDI  R@0,LOW(@2*2+(@3))
                 	LDI  R@1,HIGH(@2*2+(@3))
                 	.ENDM
                 
                 	.MACRO __GETD1N
                 	LDI  R30,LOW(@0)
                 	LDI  R31,HIGH(@0)
                 	LDI  R22,BYTE3(@0)
                 	LDI  R23,BYTE4(@0)
                 	.ENDM
                 
                 	.MACRO __GETD2N
                 	LDI  R26,LOW(@0)
                 	LDI  R27,HIGH(@0)
                 	LDI  R24,BYTE3(@0)
                 	LDI  R25,BYTE4(@0)
                 	.ENDM
                 
                 	.MACRO __GETB1MN
                 	LDS  R30,@0+(@1)
                 	.ENDM
                 
                 	.MACRO __GETB1HMN
                 	LDS  R31,@0+(@1)
                 	.ENDM
                 
                 	.MACRO __GETW1MN
                 	LDS  R30,@0+(@1)
                 	LDS  R31,@0+(@1)+1
                 	.ENDM
                 
                 	.MACRO __GETD1MN
                 	LDS  R30,@0+(@1)
                 	LDS  R31,@0+(@1)+1
                 	LDS  R22,@0+(@1)+2
                 	LDS  R23,@0+(@1)+3
                 	.ENDM
                 
                 	.MACRO __GETBRMN
                 	LDS  R@0,@1+(@2)
                 	.ENDM
                 
                 	.MACRO __GETWRMN
                 	LDS  R@0,@2+(@3)
                 	LDS  R@1,@2+(@3)+1
                 	.ENDM
                 
                 	.MACRO __GETWRZ
                 	LDD  R@0,Z+@2
                 	LDD  R@1,Z+@2+1
                 	.ENDM
                 
                 	.MACRO __GETD2Z
                 	LDD  R26,Z+@0
                 	LDD  R27,Z+@0+1
                 	LDD  R24,Z+@0+2
                 	LDD  R25,Z+@0+3
                 	.ENDM
                 
                 	.MACRO __GETB2MN
                 	LDS  R26,@0+(@1)
                 	.ENDM
                 
                 	.MACRO __GETW2MN
                 	LDS  R26,@0+(@1)
                 	LDS  R27,@0+(@1)+1
                 	.ENDM
                 
                 	.MACRO __GETD2MN
                 	LDS  R26,@0+(@1)
                 	LDS  R27,@0+(@1)+1
                 	LDS  R24,@0+(@1)+2
                 	LDS  R25,@0+(@1)+3
                 	.ENDM
                 
                 	.MACRO __PUTB1MN
                 	STS  @0+(@1),R30
                 	.ENDM
                 
                 	.MACRO __PUTW1MN
                 	STS  @0+(@1),R30
                 	STS  @0+(@1)+1,R31
                 	.ENDM
                 
                 	.MACRO __PUTD1MN
                 	STS  @0+(@1),R30
                 	STS  @0+(@1)+1,R31
                 	STS  @0+(@1)+2,R22
                 	STS  @0+(@1)+3,R23
                 	.ENDM
                 
                 	.MACRO __PUTB1EN
                 	LDI  R26,LOW(@0+(@1))
                 	LDI  R27,HIGH(@0+(@1))
                 	CALL __EEPROMWRB
                 	.ENDM
                 
                 	.MACRO __PUTW1EN
                 	LDI  R26,LOW(@0+(@1))
                 	LDI  R27,HIGH(@0+(@1))
                 	CALL __EEPROMWRW
                 	.ENDM
                 
                 	.MACRO __PUTD1EN
                 	LDI  R26,LOW(@0+(@1))
                 	LDI  R27,HIGH(@0+(@1))
                 	CALL __EEPROMWRD
                 	.ENDM
                 
                 	.MACRO __PUTBR0MN
                 	STS  @0+(@1),R0
                 	.ENDM
                 
                 	.MACRO __PUTBMRN
                 	STS  @0+(@1),R@2
                 	.ENDM
                 
                 	.MACRO __PUTWMRN
                 	STS  @0+(@1),R@2
                 	STS  @0+(@1)+1,R@3
                 	.ENDM
                 
                 	.MACRO __PUTBZR
                 	STD  Z+@1,R@0
                 	.ENDM
                 
                 	.MACRO __PUTWZR
                 	STD  Z+@2,R@0
                 	STD  Z+@2+1,R@1
                 	.ENDM
                 
                 	.MACRO __GETW1R
                 	MOV  R30,R@0
                 	MOV  R31,R@1
                 	.ENDM
                 
                 	.MACRO __GETW2R
                 	MOV  R26,R@0
                 	MOV  R27,R@1
                 	.ENDM
                 
                 	.MACRO __GETWRN
                 	LDI  R@0,LOW(@2)
                 	LDI  R@1,HIGH(@2)
                 	.ENDM
                 
                 	.MACRO __PUTW1R
                 	MOV  R@0,R30
                 	MOV  R@1,R31
                 	.ENDM
                 
                 	.MACRO __PUTW2R
                 	MOV  R@0,R26
                 	MOV  R@1,R27
                 	.ENDM
                 
                 	.MACRO __ADDWRN
                 	SUBI R@0,LOW(-@2)
                 	SBCI R@1,HIGH(-@2)
                 	.ENDM
                 
                 	.MACRO __ADDWRR
                 	ADD  R@0,R@2
                 	ADC  R@1,R@3
                 	.ENDM
                 
                 	.MACRO __SUBWRN
                 	SUBI R@0,LOW(@2)
                 	SBCI R@1,HIGH(@2)
                 	.ENDM
                 
                 	.MACRO __SUBWRR
                 	SUB  R@0,R@2
                 	SBC  R@1,R@3
                 	.ENDM
                 
                 	.MACRO __ANDWRN
                 	ANDI R@0,LOW(@2)
                 	ANDI R@1,HIGH(@2)
                 	.ENDM
                 
                 	.MACRO __ANDWRR
                 	AND  R@0,R@2
                 	AND  R@1,R@3
                 	.ENDM
                 
                 	.MACRO __ORWRN
                 	ORI  R@0,LOW(@2)
                 	ORI  R@1,HIGH(@2)
                 	.ENDM
                 
                 	.MACRO __ORWRR
                 	OR   R@0,R@2
                 	OR   R@1,R@3
                 	.ENDM
                 
                 	.MACRO __EORWRR
                 	EOR  R@0,R@2
                 	EOR  R@1,R@3
                 	.ENDM
                 
                 	.MACRO __GETWRS
                 	LDD  R@0,Y+@2
                 	LDD  R@1,Y+@2+1
                 	.ENDM
                 
                 	.MACRO __PUTBSR
                 	STD  Y+@1,R@0
                 	.ENDM
                 
                 	.MACRO __PUTWSR
                 	STD  Y+@2,R@0
                 	STD  Y+@2+1,R@1
                 	.ENDM
                 
                 	.MACRO __MOVEWRR
                 	MOV  R@0,R@2
                 	MOV  R@1,R@3
                 	.ENDM
                 
                 	.MACRO __INWR
                 	IN   R@0,@2
                 	IN   R@1,@2+1
                 	.ENDM
                 
                 	.MACRO __OUTWR
                 	OUT  @2+1,R@1
                 	OUT  @2,R@0
                 	.ENDM
                 
                 	.MACRO __CALL1MN
                 	LDS  R30,@0+(@1)
                 	LDS  R31,@0+(@1)+1
                 	ICALL
                 	.ENDM
                 
                 	.MACRO __CALL1FN
                 	LDI  R30,LOW(2*@0+(@1))
                 	LDI  R31,HIGH(2*@0+(@1))
                 	CALL __GETW1PF
                 	ICALL
                 	.ENDM
                 
                 	.MACRO __CALL2EN
                 	PUSH R26
                 	PUSH R27
                 	LDI  R26,LOW(@0+(@1))
                 	LDI  R27,HIGH(@0+(@1))
                 	CALL __EEPROMRDW
                 	POP  R27
                 	POP  R26
                 	ICALL
                 	.ENDM
                 
                 	.MACRO __CALL2EX
                 	SUBI R26,LOW(-@0)
                 	SBCI R27,HIGH(-@0)
                 	CALL __EEPROMRDD
                 	ICALL
                 	.ENDM
                 
                 	.MACRO __GETW1STACK
                 	IN   R30,SPL
                 	IN   R31,SPH
                 	ADIW R30,@0+1
                 	LD   R0,Z+
                 	LD   R31,Z
                 	MOV  R30,R0
                 	.ENDM
                 
                 	.MACRO __GETD1STACK
                 	IN   R30,SPL
                 	IN   R31,SPH
                 	ADIW R30,@0+1
                 	LD   R0,Z+
                 	LD   R1,Z+
                 	LD   R22,Z
                 	MOVW R30,R0
                 	.ENDM
                 
                 	.MACRO __NBST
                 	BST  R@0,@1
                 	IN   R30,SREG
                 	LDI  R31,0x40
                 	EOR  R30,R31
                 	OUT  SREG,R30
                 	.ENDM
                 
                 
                 	.MACRO __PUTB1SN
                 	LDD  R26,Y+@0
                 	LDD  R27,Y+@0+1
                 	SUBI R26,LOW(-@1)
                 	SBCI R27,HIGH(-@1)
                 	ST   X,R30
                 	.ENDM
                 
                 	.MACRO __PUTW1SN
                 	LDD  R26,Y+@0
                 	LDD  R27,Y+@0+1
                 	SUBI R26,LOW(-@1)
                 	SBCI R27,HIGH(-@1)
                 	ST   X+,R30
                 	ST   X,R31
                 	.ENDM
                 
                 	.MACRO __PUTD1SN
                 	LDD  R26,Y+@0
                 	LDD  R27,Y+@0+1
                 	SUBI R26,LOW(-@1)
                 	SBCI R27,HIGH(-@1)
                 	CALL __PUTDP1
                 	.ENDM
                 
                 	.MACRO __PUTB1SNS
                 	LDD  R26,Y+@0
                 	LDD  R27,Y+@0+1
                 	ADIW R26,@1
                 	ST   X,R30
                 	.ENDM
                 
                 	.MACRO __PUTW1SNS
                 	LDD  R26,Y+@0
                 	LDD  R27,Y+@0+1
                 	ADIW R26,@1
                 	ST   X+,R30
                 	ST   X,R31
                 	.ENDM
                 
                 	.MACRO __PUTD1SNS
                 	LDD  R26,Y+@0
                 	LDD  R27,Y+@0+1
                 	ADIW R26,@1
                 	CALL __PUTDP1
                 	.ENDM
                 
                 	.MACRO __PUTB1PMN
                 	LDS  R26,@0
                 	LDS  R27,@0+1
                 	SUBI R26,LOW(-@1)
                 	SBCI R27,HIGH(-@1)
                 	ST   X,R30
                 	.ENDM
                 
                 	.MACRO __PUTW1PMN
                 	LDS  R26,@0
                 	LDS  R27,@0+1
                 	SUBI R26,LOW(-@1)
                 	SBCI R27,HIGH(-@1)
                 	ST   X+,R30
                 	ST   X,R31
                 	.ENDM
                 
                 	.MACRO __PUTD1PMN
                 	LDS  R26,@0
                 	LDS  R27,@0+1
                 	SUBI R26,LOW(-@1)
                 	SBCI R27,HIGH(-@1)
                 	CALL __PUTDP1
                 	.ENDM
                 
                 	.MACRO __PUTB1PMNS
                 	LDS  R26,@0
                 	LDS  R27,@0+1
                 	ADIW R26,@1
                 	ST   X,R30
                 	.ENDM
                 
                 	.MACRO __PUTW1PMNS
                 	LDS  R26,@0
                 	LDS  R27,@0+1
                 	ADIW R26,@1
                 	ST   X+,R30
                 	ST   X,R31
                 	.ENDM
                 
                 	.MACRO __PUTD1PMNS
                 	LDS  R26,@0
                 	LDS  R27,@0+1
                 	ADIW R26,@1
                 	CALL __PUTDP1
                 	.ENDM
                 
                 	.MACRO __PUTB1RN
                 	MOVW R26,R@0
                 	SUBI R26,LOW(-@1)
                 	SBCI R27,HIGH(-@1)
                 	ST   X,R30
                 	.ENDM
                 
                 	.MACRO __PUTW1RN
                 	MOVW R26,R@0
                 	SUBI R26,LOW(-@1)
                 	SBCI R27,HIGH(-@1)
                 	ST   X+,R30
                 	ST   X,R31
                 	.ENDM
                 
                 	.MACRO __PUTD1RN
                 	MOVW R26,R@0
                 	SUBI R26,LOW(-@1)
                 	SBCI R27,HIGH(-@1)
                 	CALL __PUTDP1
                 	.ENDM
                 
                 	.MACRO __PUTB1RNS
                 	MOVW R26,R@0
                 	ADIW R26,@1
                 	ST   X,R30
                 	.ENDM
                 
                 	.MACRO __PUTW1RNS
                 	MOVW R26,R@0
                 	ADIW R26,@1
                 	ST   X+,R30
                 	ST   X,R31
                 	.ENDM
                 
                 	.MACRO __PUTD1RNS
                 	MOVW R26,R@0
                 	ADIW R26,@1
                 	CALL __PUTDP1
                 	.ENDM
                 
                 	.MACRO __PUTB1RON
                 	MOV  R26,R@0
                 	MOV  R27,R@1
                 	SUBI R26,LOW(-@2)
                 	SBCI R27,HIGH(-@2)
                 	ST   X,R30
                 	.ENDM
                 
                 	.MACRO __PUTW1RON
                 	MOV  R26,R@0
                 	MOV  R27,R@1
                 	SUBI R26,LOW(-@2)
                 	SBCI R27,HIGH(-@2)
                 	ST   X+,R30
                 	ST   X,R31
                 	.ENDM
                 
                 	.MACRO __PUTD1RON
                 	MOV  R26,R@0
                 	MOV  R27,R@1
                 	SUBI R26,LOW(-@2)
                 	SBCI R27,HIGH(-@2)
                 	CALL __PUTDP1
                 	.ENDM
                 
                 	.MACRO __PUTB1RONS
                 	MOV  R26,R@0
                 	MOV  R27,R@1
                 	ADIW R26,@2
                 	ST   X,R30
                 	.ENDM
                 
                 	.MACRO __PUTW1RONS
                 	MOV  R26,R@0
                 	MOV  R27,R@1
                 	ADIW R26,@2
                 	ST   X+,R30
                 	ST   X,R31
                 	.ENDM
                 
                 	.MACRO __PUTD1RONS
                 	MOV  R26,R@0
                 	MOV  R27,R@1
                 	ADIW R26,@2
                 	CALL __PUTDP1
                 	.ENDM
                 
                 
                 	.MACRO __GETB1SX
                 	MOVW R30,R28
                 	SUBI R30,LOW(-@0)
                 	SBCI R31,HIGH(-@0)
                 	LD   R30,Z
                 	.ENDM
                 
                 	.MACRO __GETB1HSX
                 	MOVW R30,R28
                 	SUBI R30,LOW(-@0)
                 	SBCI R31,HIGH(-@0)
                 	LD   R31,Z
                 	.ENDM
                 
                 	.MACRO __GETW1SX
                 	MOVW R30,R28
                 	SUBI R30,LOW(-@0)
                 	SBCI R31,HIGH(-@0)
                 	LD   R0,Z+
                 	LD   R31,Z
                 	MOV  R30,R0
                 	.ENDM
                 
                 	.MACRO __GETD1SX
                 	MOVW R30,R28
                 	SUBI R30,LOW(-@0)
                 	SBCI R31,HIGH(-@0)
                 	LD   R0,Z+
                 	LD   R1,Z+
                 	LD   R22,Z+
                 	LD   R23,Z
                 	MOVW R30,R0
                 	.ENDM
                 
                 	.MACRO __GETB2SX
                 	MOVW R26,R28
                 	SUBI R26,LOW(-@0)
                 	SBCI R27,HIGH(-@0)
                 	LD   R26,X
                 	.ENDM
                 
                 	.MACRO __GETW2SX
                 	MOVW R26,R28
                 	SUBI R26,LOW(-@0)
                 	SBCI R27,HIGH(-@0)
                 	LD   R0,X+
                 	LD   R27,X
                 	MOV  R26,R0
                 	.ENDM
                 
                 	.MACRO __GETD2SX
                 	MOVW R26,R28
                 	SUBI R26,LOW(-@0)
                 	SBCI R27,HIGH(-@0)
                 	LD   R0,X+
                 	LD   R1,X+
                 	LD   R24,X+
                 	LD   R25,X
                 	MOVW R26,R0
                 	.ENDM
                 
                 	.MACRO __GETBRSX
                 	MOVW R30,R28
                 	SUBI R30,LOW(-@1)
                 	SBCI R31,HIGH(-@1)
                 	LD   R@0,Z
                 	.ENDM
                 
                 	.MACRO __GETWRSX
                 	MOVW R30,R28
                 	SUBI R30,LOW(-@2)
                 	SBCI R31,HIGH(-@2)
                 	LD   R@0,Z+
                 	LD   R@1,Z
                 	.ENDM
                 
                 	.MACRO __GETBRSX2
                 	MOVW R26,R28
                 	SUBI R26,LOW(-@1)
                 	SBCI R27,HIGH(-@1)
                 	LD   R@0,X
                 	.ENDM
                 
                 	.MACRO __GETWRSX2
                 	MOVW R26,R28
                 	SUBI R26,LOW(-@2)
                 	SBCI R27,HIGH(-@2)
                 	LD   R@0,X+
                 	LD   R@1,X
                 	.ENDM
                 
                 	.MACRO __LSLW8SX
                 	MOVW R30,R28
                 	SUBI R30,LOW(-@0)
                 	SBCI R31,HIGH(-@0)
                 	LD   R31,Z
                 	CLR  R30
                 	.ENDM
                 
                 	.MACRO __PUTB1SX
                 	MOVW R26,R28
                 	SUBI R26,LOW(-@0)
                 	SBCI R27,HIGH(-@0)
                 	ST   X,R30
                 	.ENDM
                 
                 	.MACRO __PUTW1SX
                 	MOVW R26,R28
                 	SUBI R26,LOW(-@0)
                 	SBCI R27,HIGH(-@0)
                 	ST   X+,R30
                 	ST   X,R31
                 	.ENDM
                 
                 	.MACRO __PUTD1SX
                 	MOVW R26,R28
                 	SUBI R26,LOW(-@0)
                 	SBCI R27,HIGH(-@0)
                 	ST   X+,R30
                 	ST   X+,R31
                 	ST   X+,R22
                 	ST   X,R23
                 	.ENDM
                 
                 	.MACRO __CLRW1SX
                 	MOVW R26,R28
                 	SUBI R26,LOW(-@0)
                 	SBCI R27,HIGH(-@0)
                 	ST   X+,R30
                 	ST   X,R30
                 	.ENDM
                 
                 	.MACRO __CLRD1SX
                 	MOVW R26,R28
                 	SUBI R26,LOW(-@0)
                 	SBCI R27,HIGH(-@0)
                 	ST   X+,R30
                 	ST   X+,R30
                 	ST   X+,R30
                 	ST   X,R30
                 	.ENDM
                 
                 	.MACRO __PUTB2SX
                 	MOVW R30,R28
                 	SUBI R30,LOW(-@0)
                 	SBCI R31,HIGH(-@0)
                 	ST   Z,R26
                 	.ENDM
                 
                 	.MACRO __PUTW2SX
                 	MOVW R30,R28
                 	SUBI R30,LOW(-@0)
                 	SBCI R31,HIGH(-@0)
                 	ST   Z+,R26
                 	ST   Z,R27
                 	.ENDM
                 
                 	.MACRO __PUTD2SX
                 	MOVW R30,R28
                 	SUBI R30,LOW(-@0)
                 	SBCI R31,HIGH(-@0)
                 	ST   Z+,R26
                 	ST   Z+,R27
                 	ST   Z+,R24
                 	ST   Z,R25
                 	.ENDM
                 
                 	.MACRO __PUTBSRX
                 	MOVW R30,R28
                 	SUBI R30,LOW(-@1)
                 	SBCI R31,HIGH(-@1)
                 	ST   Z,R@0
                 	.ENDM
                 
                 	.MACRO __PUTWSRX
                 	MOVW R30,R28
                 	SUBI R30,LOW(-@2)
                 	SBCI R31,HIGH(-@2)
                 	ST   Z+,R@0
                 	ST   Z,R@1
                 	.ENDM
                 
                 	.MACRO __PUTB1SNX
                 	MOVW R26,R28
                 	SUBI R26,LOW(-@0)
                 	SBCI R27,HIGH(-@0)
                 	LD   R0,X+
                 	LD   R27,X
                 	MOV  R26,R0
                 	SUBI R26,LOW(-@1)
                 	SBCI R27,HIGH(-@1)
                 	ST   X,R30
                 	.ENDM
                 
                 	.MACRO __PUTW1SNX
                 	MOVW R26,R28
                 	SUBI R26,LOW(-@0)
                 	SBCI R27,HIGH(-@0)
                 	LD   R0,X+
                 	LD   R27,X
                 	MOV  R26,R0
                 	SUBI R26,LOW(-@1)
                 	SBCI R27,HIGH(-@1)
                 	ST   X+,R30
                 	ST   X,R31
                 	.ENDM
                 
                 	.MACRO __PUTD1SNX
                 	MOVW R26,R28
                 	SUBI R26,LOW(-@0)
                 	SBCI R27,HIGH(-@0)
                 	LD   R0,X+
                 	LD   R27,X
                 	MOV  R26,R0
                 	SUBI R26,LOW(-@1)
                 	SBCI R27,HIGH(-@1)
                 	ST   X+,R30
                 	ST   X+,R31
                 	ST   X+,R22
                 	ST   X,R23
                 	.ENDM
                 
                 	.MACRO __MULBRR
                 	MULS R@0,R@1
                 	MOVW R30,R0
                 	.ENDM
                 
                 	.MACRO __MULBRRU
                 	MUL  R@0,R@1
                 	MOVW R30,R0
                 	.ENDM
                 
                 	.MACRO __MULBRR0
                 	MULS R@0,R@1
                 	.ENDM
                 
                 	.MACRO __MULBRRU0
                 	MUL  R@0,R@1
                 	.ENDM
                 
                 	.MACRO __MULBNWRU
                 	LDI  R26,@2
                 	MUL  R26,R@0
                 	MOVW R30,R0
                 	MUL  R26,R@1
                 	ADD  R31,R0
                 	.ENDM
                 
                 ;NAME DEFINITIONS FOR GLOBAL VARIABLES ALLOCATED TO REGISTERS
                 	.DEF _flag=R5
                 	.DEF _nada=R4
                 	.DEF _flagSerial=R7
                 	.DEF _count=R8
                 	.DEF _count_msb=R9
                 	.DEF _i=R10
                 	.DEF _i_msb=R11
                 	.DEF _rx_wr_index1=R6
                 	.DEF _rx_rd_index1=R13
                 	.DEF _rx_counter1=R12
                 
                 	.CSEG
                 	.ORG 0x00
                 
                 ;START OF CODE MARKER
                 __START_OF_CODE:
                 
                 ;INTERRUPT VECTORS
000000 940c 0135 	JMP  __RESET
000002 940c 0000 	JMP  0x00
000004 940c 0000 	JMP  0x00
000006 940c 0000 	JMP  0x00
000008 940c 0000 	JMP  0x00
00000a 940c 0000 	JMP  0x00
00000c 940c 0000 	JMP  0x00
00000e 940c 0000 	JMP  0x00
000010 940c 0000 	JMP  0x00
000012 940c 0000 	JMP  0x00
000014 940c 0000 	JMP  0x00
000016 940c 0000 	JMP  0x00
000018 940c 0000 	JMP  0x00
00001a 940c 0000 	JMP  0x00
00001c 940c 0000 	JMP  0x00
00001e 940c 0000 	JMP  0x00
000020 940c 0000 	JMP  0x00
000022 940c 0000 	JMP  0x00
000024 940c 0000 	JMP  0x00
000026 940c 0000 	JMP  0x00
000028 940c 0164 	JMP  _usart1_rx_isr
00002a 940c 0000 	JMP  0x00
00002c 940c 0000 	JMP  0x00
00002e 940c 0000 	JMP  0x00
000030 940c 0000 	JMP  0x00
000032 940c 0000 	JMP  0x00
000034 940c 0000 	JMP  0x00
000036 940c 0000 	JMP  0x00
                 
                 ;REGISTER BIT VARIABLES INITIALIZATION
                 __REG_BIT_VARS:
000038 0000      	.DW  0x0000
                 
                 ;GLOBAL REGISTER VARIABLES INITIALIZATION
                 __REG_VARS:
000039 0000
00003a 0000      	.DB  0x0,0x0,0x0,0x0
00003b 0000
00003c 0000      	.DB  0x0,0x0,0x0,0x0
                 
                 _0x29:
00003d 0001
00003e 0003
00003f 0001
000040 0003      	.DB  0x1,0x0,0x3,0x0,0x1,0x0,0x3,0x0
000041 0004
000042 0005
000043 0005
000044 0000      	.DB  0x4,0x0,0x5,0x0,0x5,0x0,0x0,0x0
000045 0007
000046 0008
000047 0007
000048 0008      	.DB  0x7,0x0,0x8,0x0,0x7,0x0,0x8,0x0
000049 0007
00004a 0005
00004b 0058
00004c 0000      	.DB  0x7,0x0,0x5,0x0,0x58,0x0,0x0,0x0
00004d 0001
00004e 0003
00004f 0001
000050 0003      	.DB  0x1,0x0,0x3,0x0,0x1,0x0,0x3,0x0
000051 0004
000052 0005
000053 0005
000054 0000      	.DB  0x4,0x0,0x5,0x0,0x5,0x0,0x0,0x0
000055 0007
000056 0008
000057 0007
000058 0008      	.DB  0x7,0x0,0x8,0x0,0x7,0x0,0x8,0x0
000059 0007
00005a 0005
00005b 0058
00005c 0001      	.DB  0x7,0x0,0x5,0x0,0x58,0x0,0x1,0x0
00005d 0003
00005e 0005
00005f 0058
000060 0004      	.DB  0x3,0x0,0x5,0x0,0x58,0x0,0x4,0x0
000061 0004
000062 0005
000063 0004
000064 0003      	.DB  0x4,0x0,0x5,0x0,0x4,0x0,0x3,0x0
000065 0001
000066 0004
000067 0003
000068 0001      	.DB  0x1,0x0,0x4,0x0,0x3,0x0,0x1,0x0
000069 0058
00006a 0000
00006b 0001
00006c 0003      	.DB  0x58,0x0,0x0,0x0,0x1,0x0,0x3,0x0
00006d 0005
00006e 0058
00006f 0004
000070 0004      	.DB  0x5,0x0,0x58,0x0,0x4,0x0,0x4,0x0
000071 0005
000072 0004
000073 0003
000074 0001      	.DB  0x5,0x0,0x4,0x0,0x3,0x0,0x1,0x0
000075 0004
000076 0003
000077 0001
000078 0058      	.DB  0x4,0x0,0x3,0x0,0x1,0x0,0x58,0x0
000079 0000
E:\Kuliah\Semester 5\Sistem Embedded 1\Coba Tone\Debug\List\main.asm(1162): warning: .cseg .db misalignment - padding zero byte
00007a 0063      	.DB  0x0,0x0,0x63
                 _0x2A:
00007b 0001
00007c 0001
00007d 0005
00007e 0005      	.DB  0x1,0x0,0x1,0x0,0x5,0x0,0x5,0x0
00007f 0006
000080 0006
000081 0005
000082 0058      	.DB  0x6,0x0,0x6,0x0,0x5,0x0,0x58,0x0
000083 0004
000084 0004
000085 0003
000086 0003      	.DB  0x4,0x0,0x4,0x0,0x3,0x0,0x3,0x0
000087 0002
000088 0002
000089 0001
00008a 0058      	.DB  0x2,0x0,0x2,0x0,0x1,0x0,0x58,0x0
00008b 0005
00008c 0005
00008d 0004
00008e 0004      	.DB  0x5,0x0,0x5,0x0,0x4,0x0,0x4,0x0
00008f 0003
000090 0003
000091 0002
000092 0058      	.DB  0x3,0x0,0x3,0x0,0x2,0x0,0x58,0x0
000093 0005
000094 0005
000095 0004
000096 0004      	.DB  0x5,0x0,0x5,0x0,0x4,0x0,0x4,0x0
000097 0003
000098 0003
000099 0002
00009a 0058      	.DB  0x3,0x0,0x3,0x0,0x2,0x0,0x58,0x0
00009b 0001
00009c 0001
00009d 0005
00009e 0005      	.DB  0x1,0x0,0x1,0x0,0x5,0x0,0x5,0x0
00009f 0006
0000a0 0006
0000a1 0005
0000a2 0058      	.DB  0x6,0x0,0x6,0x0,0x5,0x0,0x58,0x0
0000a3 0004
0000a4 0004
0000a5 0003
0000a6 0003      	.DB  0x4,0x0,0x4,0x0,0x3,0x0,0x3,0x0
0000a7 0002
0000a8 0002
0000a9 0001
0000aa 0058      	.DB  0x2,0x0,0x2,0x0,0x1,0x0,0x58,0x0
E:\Kuliah\Semester 5\Sistem Embedded 1\Coba Tone\Debug\List\main.asm(1176): warning: .cseg .db misalignment - padding zero byte
0000ab 0063      	.DB  0x63
                 _0x2B:
0000ac 0001
0000ad 0002
0000ae 0003
0000af 0004      	.DB  0x1,0x0,0x2,0x0,0x3,0x0,0x4,0x0
0000b0 0005
0000b1 0003
0000b2 0001
0000b3 0058      	.DB  0x5,0x0,0x3,0x0,0x1,0x0,0x58,0x0
0000b4 0006
0000b5 0008
0000b6 0007
0000b7 0006      	.DB  0x6,0x0,0x8,0x0,0x7,0x0,0x6,0x0
0000b8 0005
0000b9 0058
0000ba 0004
0000bb 0006      	.DB  0x5,0x0,0x58,0x0,0x4,0x0,0x6,0x0
0000bc 0005
0000bd 0004
0000be 0003
0000bf 0001      	.DB  0x5,0x0,0x4,0x0,0x3,0x0,0x1,0x0
0000c0 0058
0000c1 0002
0000c2 0004
0000c3 0003      	.DB  0x58,0x0,0x2,0x0,0x4,0x0,0x3,0x0
0000c4 0002
0000c5 0001
0000c6 0058
0000c7 0004      	.DB  0x2,0x0,0x1,0x0,0x58,0x0,0x4,0x0
0000c8 0003
0000c9 0004
0000ca 0006
0000cb 0005      	.DB  0x3,0x0,0x4,0x0,0x6,0x0,0x5,0x0
0000cc 0006
0000cd 0005
0000ce 0003
0000cf 0001      	.DB  0x6,0x0,0x5,0x0,0x3,0x0,0x1,0x0
0000d0 0003
0000d1 0002
0000d2 0003
0000d3 0004      	.DB  0x3,0x0,0x2,0x0,0x3,0x0,0x4,0x0
0000d4 0005
0000d5 0003
0000d6 0058
0000d7 0004      	.DB  0x5,0x0,0x3,0x0,0x58,0x0,0x4,0x0
0000d8 0003
0000d9 0004
0000da 0006
0000db 0005      	.DB  0x3,0x0,0x4,0x0,0x6,0x0,0x5,0x0
0000dc 0006
0000dd 0005
0000de 0003
0000df 0001      	.DB  0x6,0x0,0x5,0x0,0x3,0x0,0x1,0x0
0000e0 0003
0000e1 0002
0000e2 0003
0000e3 0004      	.DB  0x3,0x0,0x2,0x0,0x3,0x0,0x4,0x0
0000e4 0005
0000e5 0003
0000e6 0058
E:\Kuliah\Semester 5\Sistem Embedded 1\Coba Tone\Debug\List\main.asm(1192): warning: .cseg .db misalignment - padding zero byte
0000e7 0063      	.DB  0x5,0x0,0x3,0x0,0x58,0x0,0x63
                 _0x2C:
0000e8 0002
0000e9 0003
0000ea 0005
0000eb 0058      	.DB  0x2,0x0,0x3,0x0,0x5,0x0,0x58,0x0
0000ec 0005
0000ed 0058
0000ee 0005
0000ef 0058      	.DB  0x5,0x0,0x58,0x0,0x5,0x0,0x58,0x0
0000f0 0005
0000f1 0058
0000f2 0005
0000f3 0058      	.DB  0x5,0x0,0x58,0x0,0x5,0x0,0x58,0x0
0000f4 0005
0000f5 0058
0000f6 0002
0000f7 0003      	.DB  0x5,0x0,0x58,0x0,0x2,0x0,0x3,0x0
0000f8 0005
0000f9 0058
0000fa 0005
0000fb 0058      	.DB  0x5,0x0,0x58,0x0,0x5,0x0,0x58,0x0
0000fc 0005
0000fd 0058
0000fe 0005
0000ff 0058      	.DB  0x5,0x0,0x58,0x0,0x5,0x0,0x58,0x0
000100 0005
000101 0058
000102 0005
000103 0058      	.DB  0x5,0x0,0x58,0x0,0x5,0x0,0x58,0x0
000104 0002
000105 0003
000106 0005
000107 0058      	.DB  0x2,0x0,0x3,0x0,0x5,0x0,0x58,0x0
000108 0005
000109 0058
00010a 0005
00010b 0058      	.DB  0x5,0x0,0x58,0x0,0x5,0x0,0x58,0x0
00010c 0005
00010d 0058
00010e 0005
00010f 0058      	.DB  0x5,0x0,0x58,0x0,0x5,0x0,0x58,0x0
000110 0005
000111 0058
000112 0005
000113 0058      	.DB  0x5,0x0,0x58,0x0,0x5,0x0,0x58,0x0
000114 0005
000115 0058
000116 0004
E:\Kuliah\Semester 5\Sistem Embedded 1\Coba Tone\Debug\List\main.asm(1205): warning: .cseg .db misalignment - padding zero byte
000117 0063      	.DB  0x5,0x0,0x58,0x0,0x4,0x0,0x63
                 _0x2D:
000118 0001
000119 0002
00011a 0003
00011b 0004      	.DB  0x1,0x0,0x2,0x0,0x3,0x0,0x4,0x0
00011c 0005
00011d 0006
00011e 0007
00011f 0008      	.DB  0x5,0x0,0x6,0x0,0x7,0x0,0x8,0x0
000120 0058
E:\Kuliah\Semester 5\Sistem Embedded 1\Coba Tone\Debug\List\main.asm(1209): warning: .cseg .db misalignment - padding zero byte
000121 0063      	.DB  0x58,0x0,0x63
                 
                 __GLOBAL_INI_TBL:
000122 0001      	.DW  0x01
000123 0002      	.DW  0x02
000124 0070      	.DW  __REG_BIT_VARS*2
                 
000125 0008      	.DW  0x08
000126 0006      	.DW  0x06
000127 0072      	.DW  __REG_VARS*2
                 
000128 007b      	.DW  0x7B
000129 020a      	.DW  _gundulPacul
00012a 007a      	.DW  _0x29*2
                 
00012b 0061      	.DW  0x61
00012c 0286      	.DW  _Twinkle
00012d 00f6      	.DW  _0x2A*2
                 
00012e 0077      	.DW  0x77
00012f 02e8      	.DW  _ibuKitakartini
000130 0158      	.DW  _0x2B*2
                 
000131 005f      	.DW  0x5F
000132 0360      	.DW  _babyShark
000133 01d0      	.DW  _0x2C*2
                 
                 _0xFFFFFFFF:
000134 0000      	.DW  0
                 
                 #define __GLOBAL_INI_TBL_PRESENT 1
                 
                 __RESET:
000135 94f8      	CLI
000136 27ee      	CLR  R30
000137 bbec      	OUT  EECR,R30
                 
                 ;INTERRUPT VECTORS ARE PLACED
                 ;AT THE START OF FLASH
000138 e0f1      	LDI  R31,1
000139 bffb      	OUT  GICR,R31
00013a bfeb      	OUT  GICR,R30
00013b bfe5      	OUT  MCUCR,R30
00013c bfe6      	OUT  EMCUCR,R30
                 
                 ;CLEAR R2-R14
00013d e08d      	LDI  R24,(14-2)+1
00013e e0a2      	LDI  R26,2
00013f 27bb      	CLR  R27
                 __CLEAR_REG:
000140 93ed      	ST   X+,R30
000141 958a      	DEC  R24
000142 f7e9      	BRNE __CLEAR_REG
                 
                 ;CLEAR SRAM
000143 e080      	LDI  R24,LOW(__CLEAR_SRAM_SIZE)
000144 e094      	LDI  R25,HIGH(__CLEAR_SRAM_SIZE)
000145 e0a0      	LDI  R26,LOW(__SRAM_START)
000146 e0b1      	LDI  R27,HIGH(__SRAM_START)
                 __CLEAR_SRAM:
000147 93ed      	ST   X+,R30
000148 9701      	SBIW R24,1
000149 f7e9      	BRNE __CLEAR_SRAM
                 
                 ;GLOBAL VARIABLES INITIALIZATION
00014a e4e4      	LDI  R30,LOW(__GLOBAL_INI_TBL*2)
00014b e0f2      	LDI  R31,HIGH(__GLOBAL_INI_TBL*2)
                 __GLOBAL_INI_NEXT:
00014c 9185      	LPM  R24,Z+
00014d 9195      	LPM  R25,Z+
00014e 9700      	SBIW R24,0
00014f f061      	BREQ __GLOBAL_INI_END
000150 91a5      	LPM  R26,Z+
000151 91b5      	LPM  R27,Z+
000152 9005      	LPM  R0,Z+
000153 9015      	LPM  R1,Z+
000154 01bf      	MOVW R22,R30
000155 01f0      	MOVW R30,R0
                 __GLOBAL_INI_LOOP:
000156 9005      	LPM  R0,Z+
000157 920d      	ST   X+,R0
000158 9701      	SBIW R24,1
000159 f7e1      	BRNE __GLOBAL_INI_LOOP
00015a 01fb      	MOVW R30,R22
00015b cff0      	RJMP __GLOBAL_INI_NEXT
                 __GLOBAL_INI_END:
                 
                 ;HARDWARE STACK POINTER INITIALIZATION
00015c efef      	LDI  R30,LOW(__SRAM_END-__HEAP_SIZE)
00015d bfed      	OUT  SPL,R30
00015e e0e4      	LDI  R30,HIGH(__SRAM_END-__HEAP_SIZE)
00015f bfee      	OUT  SPH,R30
                 
                 ;DATA STACK POINTER INITIALIZATION
000160 e0c0      	LDI  R28,LOW(__SRAM_START+__DSTACK_SIZE)
000161 e0d2      	LDI  R29,HIGH(__SRAM_START+__DSTACK_SIZE)
                 
000162 940c 0240 	JMP  _main
                 
                 	.ESEG
                 	.ORG 0
                 
                 	.DSEG
                 	.ORG 0x200
                 
                 	.CSEG
                 ;/*******************************************************
                 ; This program was created by the
                 ; CodeWizardAVR V3.12 Advanced
                 ; Automatic Program Generator
                 ; © Copyright 1998-2014 Pavel Haiduc, HP InfoTech s.r.l.
                 ; http://www.hpinfotech.com
                 ;
                 ; Project :
                 ; Version :
                 ; Date    : 04/11/2019
                 ; Author  :
                 ; Company :
                 ; Comments:
                 ;
                 ;
                 ; Chip type               : ATmega162
                 ; Program type            : Application
                 ; AVR Core Clock frequency: 12,000000 MHz
                 ; Memory model            : Small
                 ; External RAM size       : 0
                 ; Data Stack size         : 256
                 ; *******************************************************/
                 ;
                 ;#include <mega162.h>
                 	#ifndef __SLEEP_DEFINED__
                 	#define __SLEEP_DEFINED__
                 	.EQU __se_bit=0x20
                 	.SET power_ctrl_reg=mcucr
                 	#endif
                 ;  #include <delay.h>
                 ;  // Declare your global variables here
                 ;
                 ;  #define DATA_REGISTER_EMPTY (1<<UDRE0)
                 ;  #define RX_COMPLETE (1<<RXC0)
                 ;  #define FRAMING_ERROR (1<<FE0)
                 ;  #define PARITY_ERROR (1<<UPE0)
                 ;  #define DATA_OVERRUN (1<<DOR0)
                 ;
                 ;  //Bunyi nada : do re mi fa sol la si do
                 ;  //Frekuensi : 264 297 330 352 396 440 495 528 hz
                 ;  #define doFreq 262
                 ;  #define reFreq 294
                 ;  #define miFreq 330
                 ;  #define faFreq 350
                 ;  #define solFreq 392
                 ;  #define laFreq 440
                 ;  #define siFreq 494
                 ;  #define DoFreq 528
                 ;
                 ;  #ifndef RXB8
                 ;  #define RXB8 1
                 ;  #endif
                 ;
                 ;  #ifndef TXB8
                 ;  #define TXB8 0
                 ;  #endif
                 ;
                 ;  #ifndef UPE
                 ;  #define UPE 2
                 ;  #endif
                 ;
                 ;  #ifndef DOR
                 ;  #define DOR 3
                 ;  #endif
                 ;
                 ;  #ifndef FE
                 ;  #define FE 4
                 ;  #endif
                 ;
                 ;  #ifndef UDRE
                 ;  #define UDRE 5
                 ;  #endif
                 ;
                 ;  #ifndef RXC
                 ;  #define RXC 7
                 ;  #endif
                 ;
                 ;  char flag, nada, flagSerial;
                 ;int count, i;
                 ;void putchar1(char c);
                 ;
                 ;// USART1 Receiver buffer
                 ;#define RX_BUFFER_SIZE1 8
                 ;  char rx_buffer1[RX_BUFFER_SIZE1];
                 ;
                 ;#if RX_BUFFER_SIZE1 <= 256
                 ;  unsigned char rx_wr_index1=0, rx_rd_index1=0;
                 ;#else
                 ;  unsigned int rx_wr_index1=0, rx_rd_index1=0;
                 ;#endif
                 ;
                 ;  #if RX_BUFFER_SIZE1 < 256
                 ;  unsigned char rx_counter1=0;
                 ;#else
                 ;  unsigned int rx_counter1=0;
                 ;#endif
                 ;
                 ;  // This flag is set on USART1 Receiver buffer overflow
                 ;  bit rx_buffer_overflow1;
                 ;
                 ;// USART1 Receiver interrupt service routine
                 ;interrupt [USART1_RXC] void usart1_rx_isr(void)
                 ; 0000 0062 {
                 
                 	.CSEG
                 _usart1_rx_isr:
                 ; .FSTART _usart1_rx_isr
000164 93ea      	ST   -Y,R30
000165 93fa      	ST   -Y,R31
000166 b7ef      	IN   R30,SREG
000167 93ea      	ST   -Y,R30
                 ; 0000 0063   char status, data;
                 ; 0000 0064   status=UCSR1A;
000168 931a      	ST   -Y,R17
000169 930a      	ST   -Y,R16
                 ;	status -> R17
                 ;	data -> R16
00016a b112      	IN   R17,2
                 ; 0000 0065   data=UDR1;
00016b b103      	IN   R16,3
                 ; 0000 0066   nada=UDR1;
00016c b043      	IN   R4,3
                 ; 0000 0067   if ((status & (FRAMING_ERROR | PARITY_ERROR | DATA_OVERRUN))==0)
00016d 2fe1      	MOV  R30,R17
00016e 71ec      	ANDI R30,LOW(0x1C)
00016f f4c9      	BRNE _0x3
                 ; 0000 0068   {
                 ; 0000 0069     //   rx_buffer1[rx_wr_index1++]=data;
                 ; 0000 006A 
                 ; 0000 006B     //#if RX_BUFFER_SIZE1 == 256
                 ; 0000 006C     //   // special case for receiver buffer size=256
                 ; 0000 006D     //   if (++rx_counter1 == 0) rx_buffer_overflow1=1;
                 ; 0000 006E     //#else
                 ; 0000 006F     //   if (rx_wr_index1 == RX_BUFFER_SIZE1) rx_wr_index1=0;
                 ; 0000 0070     //   if (++rx_counter1 == RX_BUFFER_SIZE1)
                 ; 0000 0071     //      {
                 ; 0000 0072     //      rx_counter1=0;
                 ; 0000 0073     //      rx_buffer_overflow1=1;
                 ; 0000 0074     //      }
                 ; 0000 0075     //#endif
                 ; 0000 0076     /*--------------------*/
                 ; 0000 0077     if (data=='#')
000170 3203      	CPI  R16,35
000171 f429      	BRNE _0x4
                 ; 0000 0078     {
                 ; 0000 0079       flagSerial=1;
000172 e0e1      	LDI  R30,LOW(1)
000173 2e7e      	MOV  R7,R30
                 ; 0000 007A       count=0;
000174 2488      	CLR  R8
000175 2499      	CLR  R9
                 ; 0000 007B     } else {
000176 c007      	RJMP _0x5
                 _0x4:
                 ; 0000 007C       rx_buffer1[count]=data;
000177 01f4      	MOVW R30,R8
000178 50e0      	SUBI R30,LOW(-_rx_buffer1)
000179 4ffe      	SBCI R31,HIGH(-_rx_buffer1)
00017a 8300      	ST   Z,R16
                 ; 0000 007D       count++;
00017b 01f4      	MOVW R30,R8
00017c 9631      	ADIW R30,1
00017d 014f      	MOVW R8,R30
                 ; 0000 007E     }
                 _0x5:
                 ; 0000 007F 
                 ; 0000 0080     if (data=='!'&&flagSerial==1) {//Input data
00017e 3201      	CPI  R16,33
00017f f419      	BRNE _0x7
000180 e0e1      	LDI  R30,LOW(1)
000181 15e7      	CP   R30,R7
000182 f009      	BREQ _0x8
                 _0x7:
000183 c005      	RJMP _0x6
                 _0x8:
                 ; 0000 0081       flagSerial=0;
000184 2477      	CLR  R7
                 ; 0000 0082       flag=rx_buffer1[0];
000185 9050 0200 	LDS  R5,_rx_buffer1
                 ; 0000 0083       nada=rx_buffer1[1];
                +
000187 9040 0201+LDS R4 , _rx_buffer1 + ( 1 )
                 	__GETBRMN 4,_rx_buffer1,1
                 ; 0000 0084     }
                 ; 0000 0085   }
                 _0x6:
                 ; 0000 0086 }
                 _0x3:
000189 9109      	LD   R16,Y+
00018a 9119      	LD   R17,Y+
00018b 91e9      	LD   R30,Y+
00018c bfef      	OUT  SREG,R30
00018d 91f9      	LD   R31,Y+
00018e 91e9      	LD   R30,Y+
00018f 9518      	RETI
                 ; .FEND
                 ;
                 ;// Get a character from the USART1 Receiver buffer
                 ;#pragma used+
                 ;  char getchar1(void)
                 ; 0000 008B {
                 ; 0000 008C   char data;
                 ; 0000 008D   while (rx_counter1==0);
                 ;	data -> R17
                 ; 0000 008E   data=rx_buffer1[rx_rd_index1++];
                 ; 0000 008F   #if RX_BUFFER_SIZE1 != 256
                 ; 0000 0090     if (rx_rd_index1 == RX_BUFFER_SIZE1) rx_rd_index1=0;
                 ; 0000 0091   #endif
                 ; 0000 0092     #asm("cli")
                 ; 0000 0093     --rx_counter1;
                 ; 0000 0094   #asm("sei")
                 ; 0000 0095     return data;
                 ; 0000 0096 }
                 ;#pragma used-
                 ;  // Write a character to the USART1 Transmitter
                 ;  #pragma used+
                 ;  void putchar1(char c)
                 ; 0000 009B {
                 _putchar1:
                 ; .FSTART _putchar1
                 ; 0000 009C   while ((UCSR1A & DATA_REGISTER_EMPTY)==0);
000190 93aa      	ST   -Y,R26
                 ;	c -> Y+0
                 _0xD:
000191 9b15      	SBIS 0x2,5
000192 cffe      	RJMP _0xD
                 ; 0000 009D   UDR1=c;
000193 81e8      	LD   R30,Y
000194 b9e3      	OUT  0x3,R30
                 ; 0000 009E }
000195 c05d      	RJMP _0x2000002
                 ; .FEND
                 ;#pragma used-
                 ;  void delay_tone(char tone)
                 ; 0000 00A1 {
                 _delay_tone:
                 ; .FSTART _delay_tone
                 ; 0000 00A2   //Rumus delay = (1/freq )*1000000/2;
                 ; 0000 00A3   switch(tone)
000196 93aa      	ST   -Y,R26
                 ;	tone -> Y+0
000197 81e8      	LD   R30,Y
000198 e0f0      	LDI  R31,0
                 ; 0000 00A4   {
                 ; 0000 00A5   case 1 :
000199 30e1      	CPI  R30,LOW(0x1)
00019a e0a0      	LDI  R26,HIGH(0x1)
00019b 07fa      	CPC  R31,R26
00019c f429      	BRNE _0x13
                 ; 0000 00A6     {
                 ; 0000 00A7       delay_us(1893);
                +
00019d e28f     +LDI R24 , LOW ( 5679 )
00019e e196     +LDI R25 , HIGH ( 5679 )
                +__DELAY_USW_LOOP :
00019f 9701     +SBIW R24 , 1
0001a0 f7f1     +BRNE __DELAY_USW_LOOP
                 	__DELAY_USW 5679
                 ; 0000 00A8       break;
0001a1 c047      	RJMP _0x12
                 ; 0000 00A9     }
                 ; 0000 00AA   case 2 :
                 _0x13:
0001a2 30e2      	CPI  R30,LOW(0x2)
0001a3 e0a0      	LDI  R26,HIGH(0x2)
0001a4 07fa      	CPC  R31,R26
0001a5 f429      	BRNE _0x14
                 ; 0000 00AB     {
                 ; 0000 00AC       delay_us(1683);
                +
0001a6 eb89     +LDI R24 , LOW ( 5049 )
0001a7 e193     +LDI R25 , HIGH ( 5049 )
                +__DELAY_USW_LOOP :
0001a8 9701     +SBIW R24 , 1
0001a9 f7f1     +BRNE __DELAY_USW_LOOP
                 	__DELAY_USW 5049
                 ; 0000 00AD       break;
0001aa c03e      	RJMP _0x12
                 ; 0000 00AE     }
                 ; 0000 00AF   case 3 :
                 _0x14:
0001ab 30e3      	CPI  R30,LOW(0x3)
0001ac e0a0      	LDI  R26,HIGH(0x3)
0001ad 07fa      	CPC  R31,R26
0001ae f429      	BRNE _0x15
                 ; 0000 00B0     {
                 ; 0000 00B1       delay_us(1515);
                +
0001af ec81     +LDI R24 , LOW ( 4545 )
0001b0 e191     +LDI R25 , HIGH ( 4545 )
                +__DELAY_USW_LOOP :
0001b1 9701     +SBIW R24 , 1
0001b2 f7f1     +BRNE __DELAY_USW_LOOP
                 	__DELAY_USW 4545
                 ; 0000 00B2       break;
0001b3 c035      	RJMP _0x12
                 ; 0000 00B3     }
                 ; 0000 00B4   case 4 :
                 _0x15:
0001b4 30e4      	CPI  R30,LOW(0x4)
0001b5 e0a0      	LDI  R26,HIGH(0x4)
0001b6 07fa      	CPC  R31,R26
0001b7 f429      	BRNE _0x16
                 ; 0000 00B5     {
                 ; 0000 00B6       delay_us(1420);
                +
0001b8 ea84     +LDI R24 , LOW ( 4260 )
0001b9 e190     +LDI R25 , HIGH ( 4260 )
                +__DELAY_USW_LOOP :
0001ba 9701     +SBIW R24 , 1
0001bb f7f1     +BRNE __DELAY_USW_LOOP
                 	__DELAY_USW 4260
                 ; 0000 00B7       break;
0001bc c02c      	RJMP _0x12
                 ; 0000 00B8     }
                 ; 0000 00B9   case 5 :
                 _0x16:
0001bd 30e5      	CPI  R30,LOW(0x5)
0001be e0a0      	LDI  R26,HIGH(0x5)
0001bf 07fa      	CPC  R31,R26
0001c0 f429      	BRNE _0x17
                 ; 0000 00BA     {
                 ; 0000 00BB       delay_us(1262);
                +
0001c1 ec8a     +LDI R24 , LOW ( 3786 )
0001c2 e09e     +LDI R25 , HIGH ( 3786 )
                +__DELAY_USW_LOOP :
0001c3 9701     +SBIW R24 , 1
0001c4 f7f1     +BRNE __DELAY_USW_LOOP
                 	__DELAY_USW 3786
                 ; 0000 00BC       break;
0001c5 c023      	RJMP _0x12
                 ; 0000 00BD     }
                 ; 0000 00BE   case 6 :
                 _0x17:
0001c6 30e6      	CPI  R30,LOW(0x6)
0001c7 e0a0      	LDI  R26,HIGH(0x6)
0001c8 07fa      	CPC  R31,R26
0001c9 f429      	BRNE _0x18
                 ; 0000 00BF     {
                 ; 0000 00C0       delay_us(1136);
                +
0001ca e580     +LDI R24 , LOW ( 3408 )
0001cb e09d     +LDI R25 , HIGH ( 3408 )
                +__DELAY_USW_LOOP :
0001cc 9701     +SBIW R24 , 1
0001cd f7f1     +BRNE __DELAY_USW_LOOP
                 	__DELAY_USW 3408
                 ; 0000 00C1       break;
0001ce c01a      	RJMP _0x12
                 ; 0000 00C2     }
                 ; 0000 00C3   case 7 :
                 _0x18:
0001cf 30e7      	CPI  R30,LOW(0x7)
0001d0 e0a0      	LDI  R26,HIGH(0x7)
0001d1 07fa      	CPC  R31,R26
0001d2 f429      	BRNE _0x19
                 ; 0000 00C4     {
                 ; 0000 00C5       delay_us(1010);
                +
0001d3 ed86     +LDI R24 , LOW ( 3030 )
0001d4 e09b     +LDI R25 , HIGH ( 3030 )
                +__DELAY_USW_LOOP :
0001d5 9701     +SBIW R24 , 1
0001d6 f7f1     +BRNE __DELAY_USW_LOOP
                 	__DELAY_USW 3030
                 ; 0000 00C6       break;
0001d7 c011      	RJMP _0x12
                 ; 0000 00C7     }
                 ; 0000 00C8   case 8 :
                 _0x19:
0001d8 30e8      	CPI  R30,LOW(0x8)
0001d9 e0a0      	LDI  R26,HIGH(0x8)
0001da 07fa      	CPC  R31,R26
0001db f429      	BRNE _0x1A
                 ; 0000 00C9     {
                 ; 0000 00CA       delay_us(946);
                +
0001dc e186     +LDI R24 , LOW ( 2838 )
0001dd e09b     +LDI R25 , HIGH ( 2838 )
                +__DELAY_USW_LOOP :
0001de 9701     +SBIW R24 , 1
0001df f7f1     +BRNE __DELAY_USW_LOOP
                 	__DELAY_USW 2838
                 ; 0000 00CB       break;
0001e0 c008      	RJMP _0x12
                 ; 0000 00CC     }
                 ; 0000 00CD   case 88:
                 _0x1A:
0001e1 35e8      	CPI  R30,LOW(0x58)
0001e2 e0a0      	LDI  R26,HIGH(0x58)
0001e3 07fa      	CPC  R31,R26
0001e4 f421      	BRNE _0x12
                 ; 0000 00CE     {
                 ; 0000 00CF       delay_us(800);
                +
0001e5 e680     +LDI R24 , LOW ( 2400 )
0001e6 e099     +LDI R25 , HIGH ( 2400 )
                +__DELAY_USW_LOOP :
0001e7 9701     +SBIW R24 , 1
0001e8 f7f1     +BRNE __DELAY_USW_LOOP
                 	__DELAY_USW 2400
                 ; 0000 00D0       break;
                 ; 0000 00D1     }
                 ; 0000 00D2   }
                 _0x12:
                 ; 0000 00D3 }
0001e9 c009      	RJMP _0x2000002
                 ; .FEND
                 ;
                 ;
                 ;void toneGenerator(char tone)
                 ; 0000 00D7 {
                 _toneGenerator:
                 ; .FSTART _toneGenerator
                 ; 0000 00D8   if (tone!=88)
0001ea 93aa      	ST   -Y,R26
                 ;	tone -> Y+0
0001eb 81a8      	LD   R26,Y
0001ec 35a8      	CPI  R26,LOW(0x58)
0001ed f011      	BREQ _0x1C
                 ; 0000 00D9   {
                 ; 0000 00DA     PORTB.0 =1;
0001ee 9ac0      	SBI  0x18,0
                 ; 0000 00DB     delay_tone(tone);
0001ef dfa6      	RCALL _delay_tone
                 ; 0000 00DC     PORTB.0 =0;
                 ; 0000 00DD     delay_tone(tone);
                 ; 0000 00DE   } else {
                 _0x1C:
                 ; 0000 00DF     PORTB.0 = 0;
                 _0x50:
0001f0 98c0      	CBI  0x18,0
                 ; 0000 00E0     delay_tone(tone);
0001f1 81a8      	LD   R26,Y
0001f2 dfa3      	RCALL _delay_tone
                 ; 0000 00E1   }
                 ; 0000 00E2 }
                 _0x2000002:
0001f3 9621      	ADIW R28,1
0001f4 9508      	RET
                 ; .FEND
                 ;
                 ;
                 ;int Dur;
                 ;void musicGenerator(char duration, char tone)
                 ; 0000 00E7 {
                 _musicGenerator:
                 ; .FSTART _musicGenerator
                 ; 0000 00E8   for (Dur=0; Dur<=duration; Dur++)
0001f5 93aa      	ST   -Y,R26
                 ;	duration -> Y+1
                 ;	tone -> Y+0
0001f6 e0e0      	LDI  R30,LOW(0)
0001f7 93e0 0208 	STS  _Dur,R30
0001f9 93e0 0209 	STS  _Dur+1,R30
                 _0x25:
0001fb 81e9      	LDD  R30,Y+1
0001fc 91a0 0208 	LDS  R26,_Dur
0001fe 91b0 0209 	LDS  R27,_Dur+1
000200 e0f0      	LDI  R31,0
000201 17ea      	CP   R30,R26
000202 07fb      	CPC  R31,R27
000203 f054      	BRLT _0x26
                 ; 0000 00E9     toneGenerator(tone);
000204 81a8      	LD   R26,Y
000205 dfe4      	RCALL _toneGenerator
000206 e0a8      	LDI  R26,LOW(_Dur)
000207 e0b2      	LDI  R27,HIGH(_Dur)
000208 91ed      	LD   R30,X+
000209 91fd      	LD   R31,X+
00020a 9631      	ADIW R30,1
00020b 93fe      	ST   -X,R31
00020c 93ee      	ST   -X,R30
00020d cfed      	RJMP _0x25
                 _0x26:
                 ; 0000 00EB PORTB.0=0;
00020e 98c0      	CBI  0x18,0
                 ; 0000 00EC }
00020f c02e      	RJMP _0x2000001
                 ; .FEND
                 ;
                 ;
                 ;int gundulPacul[] = {1, 3, 1, 3, 4, 5, 5, 0, 7, 8, 7, 8, 7, 5, 88, 0, 1,
                 ;  3, 1, 3, 4, 5, 5, 0, 7, 8, 7, 8, 7, 5, 88, 1,
                 ;  3, 5, 88, 4, 4, 5, 4, 3, 1, 4, 3, 1, 88, 0, 1,
                 ;  3, 5, 88, 4, 4, 5, 4, 3, 1, 4, 3, 1, 88, 0,
                 ;  99};
                 
                 	.DSEG
                 ;int Twinkle[]={
                 ;  1, 1, 5, 5, 6, 6, 5, 88,
                 ;  4, 4, 3, 3, 2, 2, 1, 88,
                 ;  5, 5, 4, 4, 3, 3, 2, 88,
                 ;  5, 5, 4, 4, 3, 3, 2, 88,
                 ;  1, 1, 5, 5, 6, 6, 5, 88,
                 ;  4, 4, 3, 3, 2, 2, 1, 88,
                 ;  99
                 ;};
                 ;
                 ;int ibuKitakartini[]={
                 ;  1, 2, 3, 4, 5, 3, 1, 88,
                 ;  6, 8, 7, 6, 5, 88,
                 ;  4, 6, 5, 4, 3, 1, 88,
                 ;  2, 4, 3, 2, 1, 88,
                 ;  4, 3, 4, 6, 5, 6, 5, 3, 1, 3, 2, 3, 4, 5, 3, 88,
                 ;  4, 3, 4, 6, 5, 6, 5, 3, 1, 3, 2, 3, 4, 5, 3, 88, 99
                 ;} ;
                 ;
                 ;int babyShark[]={
                 ;  2, 3, 5, 88, 5, 88, 5, 88, 5, 88, 5, 88, 5, 88,
                 ;  2, 3, 5, 88, 5, 88, 5, 88, 5, 88, 5, 88, 5, 88,
                 ;  2, 3, 5, 88, 5, 88, 5, 88, 5, 88, 5, 88, 5, 88,
                 ;  5, 88, 5, 88, 4, 99
                 ;};
                 ;
                 ;int randomMusic[] =
                 ;  {1, 2, 3, 4, 5, 6, 7, 8, 88, 99};
                 ;
                 ;int index=0;
                 ;void musicPlayer(int music[])
                 ; 0000 0113 {
                 
                 	.CSEG
                 _musicPlayer:
                 ; .FSTART _musicPlayer
                 ; 0000 0114   while (music[index]!=99)
000210 93ba      	ST   -Y,R27
000211 93aa      	ST   -Y,R26
                 ;	music -> Y+0
                 _0x2E:
000212 91e0 03c0 	LDS  R30,_index
000214 91f0 03c1 	LDS  R31,_index+1
000216 81a8      	LD   R26,Y
000217 81b9      	LDD  R27,Y+1
000218 0fee      	LSL  R30
000219 1fff      	ROL  R31
00021a 0fae      	ADD  R26,R30
00021b 1fbf      	ADC  R27,R31
00021c 940e 02ac 	CALL __GETW1P
00021e 36e3      	CPI  R30,LOW(0x63)
00021f e0a0      	LDI  R26,HIGH(0x63)
000220 07fa      	CPC  R31,R26
000221 f0b1      	BREQ _0x30
                 ; 0000 0115   {
                 ; 0000 0116     musicGenerator(70, music[index]);
000222 e4e6      	LDI  R30,LOW(70)
000223 93ea      	ST   -Y,R30
000224 91e0 03c0 	LDS  R30,_index
000226 91f0 03c1 	LDS  R31,_index+1
000228 81a9      	LDD  R26,Y+1
000229 81ba      	LDD  R27,Y+1+1
00022a 0fee      	LSL  R30
00022b 1fff      	ROL  R31
00022c 0fae      	ADD  R26,R30
00022d 1fbf      	ADC  R27,R31
00022e 91ac      	LD   R26,X
00022f dfc5      	RCALL _musicGenerator
                 ; 0000 0117     index++;
000230 eca0      	LDI  R26,LOW(_index)
000231 e0b3      	LDI  R27,HIGH(_index)
000232 91ed      	LD   R30,X+
000233 91fd      	LD   R31,X+
000234 9631      	ADIW R30,1
000235 93fe      	ST   -X,R31
000236 93ee      	ST   -X,R30
                 ; 0000 0118   }
000237 cfda      	RJMP _0x2E
                 _0x30:
                 ; 0000 0119 
                 ; 0000 011A   index=0;
000238 e0e0      	LDI  R30,LOW(0)
000239 93e0 03c0 	STS  _index,R30
00023b 93e0 03c1 	STS  _index+1,R30
                 ; 0000 011B   flag=0;
00023d 2455      	CLR  R5
                 ; 0000 011C }
                 _0x2000001:
00023e 9622      	ADIW R28,2
00023f 9508      	RET
                 ; .FEND
                 ;
                 ;int i;
                 ;
                 ;void main(void)
                 ; 0000 0121 {
                 _main:
                 ; .FSTART _main
                 ; 0000 0122   // Declare your local variables here
                 ; 0000 0123 
                 ; 0000 0124   // Crystal Oscillator division factor: 1
                 ; 0000 0125   #pragma optsize-
                 ; 0000 0126     CLKPR=(1<<CLKPCE);
000240 e8e0      	LDI  R30,LOW(128)
000241 93e0 0061 	STS  97,R30
                 ; 0000 0127   CLKPR=(0<<CLKPCE) | (0<<CLKPS3) | (0<<CLKPS2) | (0<<CLKPS1) | (0<<CLKPS0);
000243 e0e0      	LDI  R30,LOW(0)
000244 93e0 0061 	STS  97,R30
                 ; 0000 0128   #ifdef _OPTIMIZE_SIZE_
                 ; 0000 0129     #pragma optsize+
                 ; 0000 012A     #endif
                 ; 0000 012B 
                 ; 0000 012C     // Input/Output Ports initialization
                 ; 0000 012D     // Port A initialization
                 ; 0000 012E     // Function: Bit7=In Bit6=In Bit5=In Bit4=In Bit3=In Bit2=In Bit1=In Bit0=In
                 ; 0000 012F     DDRA=(0<<DDA7) | (0<<DDA6) | (0<<DDA5) | (0<<DDA4) | (0<<DDA3) | (0<<DDA2) | (0<<DDA1) | (0<<DDA0);
000246 bbea      	OUT  0x1A,R30
                 ; 0000 0130   // State: Bit7=T Bit6=T Bit5=T Bit4=T Bit3=T Bit2=T Bit1=T Bit0=T
                 ; 0000 0131   PORTA=(0<<PORTA7) | (0<<PORTA6) | (0<<PORTA5) | (0<<PORTA4) | (0<<PORTA3) | (0<<PORTA2) | (0<<PORTA1) | (0<<PORTA0);
000247 bbeb      	OUT  0x1B,R30
                 ; 0000 0132 
                 ; 0000 0133   // Port B initialization
                 ; 0000 0134   // Function: Bit7=Out Bit6=Out Bit5=Out Bit4=Out Bit3=Out Bit2=Out Bit1=Out Bit0=Out
                 ; 0000 0135   DDRB=(1<<DDB7) | (1<<DDB6) | (1<<DDB5) | (1<<DDB4) | (1<<DDB3) | (1<<DDB2) | (1<<DDB1) | (1<<DDB0);
000248 efef      	LDI  R30,LOW(255)
000249 bbe7      	OUT  0x17,R30
                 ; 0000 0136   // State: Bit7=0 Bit6=0 Bit5=0 Bit4=0 Bit3=0 Bit2=0 Bit1=0 Bit0=0
                 ; 0000 0137   PORTB=(0<<PORTB7) | (0<<PORTB6) | (0<<PORTB5) | (0<<PORTB4) | (0<<PORTB3) | (0<<PORTB2) | (0<<PORTB1) | (0<<PORTB0);
00024a e0e0      	LDI  R30,LOW(0)
00024b bbe8      	OUT  0x18,R30
                 ; 0000 0138 
                 ; 0000 0139   // Port C initialization
                 ; 0000 013A   // Function: Bit7=In Bit6=In Bit5=In Bit4=In Bit3=In Bit2=In Bit1=In Bit0=In
                 ; 0000 013B   DDRC=(0<<DDC7) | (0<<DDC6) | (0<<DDC5) | (0<<DDC4) | (0<<DDC3) | (0<<DDC2) | (0<<DDC1) | (0<<DDC0);
00024c bbe4      	OUT  0x14,R30
                 ; 0000 013C   // State: Bit7=T Bit6=T Bit5=T Bit4=T Bit3=T Bit2=T Bit1=T Bit0=T
                 ; 0000 013D   PORTC=(0<<PORTC7) | (0<<PORTC6) | (0<<PORTC5) | (0<<PORTC4) | (0<<PORTC3) | (0<<PORTC2) | (0<<PORTC1) | (0<<PORTC0);
00024d bbe5      	OUT  0x15,R30
                 ; 0000 013E 
                 ; 0000 013F   // Port D initialization
                 ; 0000 0140   // Function: Bit7=In Bit6=In Bit5=In Bit4=In Bit3=In Bit2=In Bit1=In Bit0=In
                 ; 0000 0141   DDRD=(0<<DDD7) | (0<<DDD6) | (0<<DDD5) | (0<<DDD4) | (0<<DDD3) | (0<<DDD2) | (0<<DDD1) | (0<<DDD0);
00024e bbe1      	OUT  0x11,R30
                 ; 0000 0142   // State: Bit7=T Bit6=T Bit5=T Bit4=T Bit3=T Bit2=T Bit1=T Bit0=T
                 ; 0000 0143   PORTD=(0<<PORTD7) | (0<<PORTD6) | (0<<PORTD5) | (0<<PORTD4) | (0<<PORTD3) | (0<<PORTD2) | (0<<PORTD1) | (0<<PORTD0);
00024f bbe2      	OUT  0x12,R30
                 ; 0000 0144 
                 ; 0000 0145   // Port E initialization
                 ; 0000 0146   // Function: Bit2=In Bit1=In Bit0=In
                 ; 0000 0147   DDRE=(0<<DDE2) | (0<<DDE1) | (0<<DDE0);
000250 b9e6      	OUT  0x6,R30
                 ; 0000 0148   // State: Bit2=T Bit1=T Bit0=T
                 ; 0000 0149   PORTE=(0<<PORTE2) | (0<<PORTE1) | (0<<PORTE0);
000251 b9e7      	OUT  0x7,R30
                 ; 0000 014A 
                 ; 0000 014B   // USART1 initialization
                 ; 0000 014C   // Communication Parameters: 8 Data, 1 Stop, No Parity
                 ; 0000 014D   // USART1 Receiver: On
                 ; 0000 014E   // USART1 Transmitter: On
                 ; 0000 014F   // USART1 Mode: Asynchronous
                 ; 0000 0150   // USART1 Baud Rate: 9600
                 ; 0000 0151   UCSR1A=(0<<RXC1) | (0<<TXC1) | (0<<UDRE1) | (0<<FE1) | (0<<DOR1) | (0<<UPE1) | (0<<U2X1) | (0<<MPCM1);
000252 b9e2      	OUT  0x2,R30
                 ; 0000 0152   UCSR1B=(1<<RXCIE1) | (0<<TXCIE1) | (0<<UDRIE1) | (1<<RXEN1) | (1<<TXEN1) | (0<<UCSZ12) | (0<<RXB81) | (0<<TXB81);
000253 e9e8      	LDI  R30,LOW(152)
000254 b9e1      	OUT  0x1,R30
                 ; 0000 0153   UCSR1C=(0<<UMSEL1) | (0<<UPM11) | (0<<UPM10) | (0<<USBS1) | (1<<UCSZ11) | (1<<UCSZ10) | (0<<UCPOL1);
000255 e0e6      	LDI  R30,LOW(6)
000256 bfec      	OUT  0x3C,R30
                 ; 0000 0154   UBRR1H=0x00;
000257 e0e0      	LDI  R30,LOW(0)
000258 bfec      	OUT  0x3C,R30
                 ; 0000 0155   UBRR1L=0x4D;
000259 e4ed      	LDI  R30,LOW(77)
00025a b9e0      	OUT  0x0,R30
                 ; 0000 0156 
                 ; 0000 0157   // Global enable interrupts
                 ; 0000 0158   #asm("sei")
00025b 9478      	sei
                 ; 0000 0159 
                 ; 0000 015A     while (1)
                 _0x31:
                 ; 0000 015B   {
                 ; 0000 015C     // Place your code here
                 ; 0000 015D     //char a = 'a';
                 ; 0000 015E     //putchar1(nada);
                 ; 0000 015F     //delay_ms(100);
                 ; 0000 0160     //musicPlayer(randomMusic);
                 ; 0000 0161     //flag = 1;
                 ; 0000 0162     putchar1(nada);
00025c 2da4      	MOV  R26,R4
00025d df32      	RCALL _putchar1
                 ; 0000 0163 
                 ; 0000 0164     if (flag=='1') {
00025e e3e1      	LDI  R30,LOW(49)
00025f 15e5      	CP   R30,R5
000260 f4c1      	BRNE _0x34
                 ; 0000 0165       if (nada=='1') {
000261 15e4      	CP   R30,R4
000262 f419      	BRNE _0x35
                 ; 0000 0166         musicPlayer(gundulPacul);
000263 e0aa      	LDI  R26,LOW(_gundulPacul)
000264 e0b2      	LDI  R27,HIGH(_gundulPacul)
000265 c011      	RJMP _0x51
                 ; 0000 0167       } else if (nada=='2') {
                 _0x35:
000266 e3e2      	LDI  R30,LOW(50)
000267 15e4      	CP   R30,R4
000268 f419      	BRNE _0x37
                 ; 0000 0168         musicPlayer(Twinkle);
000269 e8a6      	LDI  R26,LOW(_Twinkle)
00026a e0b2      	LDI  R27,HIGH(_Twinkle)
00026b c00b      	RJMP _0x51
                 ; 0000 0169       } else if (nada=='3') {
                 _0x37:
00026c e3e3      	LDI  R30,LOW(51)
00026d 15e4      	CP   R30,R4
00026e f419      	BRNE _0x39
                 ; 0000 016A         musicPlayer(ibuKitakartini);
00026f eea8      	LDI  R26,LOW(_ibuKitakartini)
000270 e0b2      	LDI  R27,HIGH(_ibuKitakartini)
000271 c005      	RJMP _0x51
                 ; 0000 016B       } else if (nada=='4') {
                 _0x39:
000272 e3e4      	LDI  R30,LOW(52)
000273 15e4      	CP   R30,R4
000274 f419      	BRNE _0x3B
                 ; 0000 016C         musicPlayer(babyShark);
000275 e6a0      	LDI  R26,LOW(_babyShark)
000276 e0b3      	LDI  R27,HIGH(_babyShark)
                 _0x51:
000277 df98      	RCALL _musicPlayer
                 ; 0000 016D       }
                 ; 0000 016E     } else if (flag=='2') {
                 _0x3B:
000278 c030      	RJMP _0x3C
                 _0x34:
000279 e3e2      	LDI  R30,LOW(50)
00027a 15e5      	CP   R30,R5
00027b f569      	BRNE _0x3D
                 ; 0000 016F       if (nada=='1') {
00027c e3e1      	LDI  R30,LOW(49)
00027d 15e4      	CP   R30,R4
00027e f411      	BRNE _0x3E
                 ; 0000 0170         toneGenerator(1);
00027f e0a1      	LDI  R26,LOW(1)
000280 c027      	RJMP _0x52
                 ; 0000 0171       } else if (nada=='2') {
                 _0x3E:
000281 e3e2      	LDI  R30,LOW(50)
000282 15e4      	CP   R30,R4
000283 f411      	BRNE _0x40
                 ; 0000 0172         toneGenerator(2);
000284 e0a2      	LDI  R26,LOW(2)
000285 c022      	RJMP _0x52
                 ; 0000 0173       } else if (nada=='3') {
                 _0x40:
000286 e3e3      	LDI  R30,LOW(51)
000287 15e4      	CP   R30,R4
000288 f411      	BRNE _0x42
                 ; 0000 0174         toneGenerator(3);
000289 e0a3      	LDI  R26,LOW(3)
00028a c01d      	RJMP _0x52
                 ; 0000 0175       } else if (nada=='4') {
                 _0x42:
00028b e3e4      	LDI  R30,LOW(52)
00028c 15e4      	CP   R30,R4
00028d f411      	BRNE _0x44
                 ; 0000 0176         toneGenerator(4);
00028e e0a4      	LDI  R26,LOW(4)
00028f c018      	RJMP _0x52
                 ; 0000 0177       } else if (nada=='5') {
                 _0x44:
000290 e3e5      	LDI  R30,LOW(53)
000291 15e4      	CP   R30,R4
000292 f411      	BRNE _0x46
                 ; 0000 0178         toneGenerator(5);
000293 e0a5      	LDI  R26,LOW(5)
000294 c013      	RJMP _0x52
                 ; 0000 0179       } else if (nada=='6') {
                 _0x46:
000295 e3e6      	LDI  R30,LOW(54)
000296 15e4      	CP   R30,R4
000297 f411      	BRNE _0x48
                 ; 0000 017A         toneGenerator(6);
000298 e0a6      	LDI  R26,LOW(6)
000299 c00e      	RJMP _0x52
                 ; 0000 017B       } else if (nada=='7') {
                 _0x48:
00029a e3e7      	LDI  R30,LOW(55)
00029b 15e4      	CP   R30,R4
00029c f411      	BRNE _0x4A
                 ; 0000 017C         toneGenerator(7);
00029d e0a7      	LDI  R26,LOW(7)
00029e c009      	RJMP _0x52
                 ; 0000 017D       } else if (nada=='8') {
                 _0x4A:
00029f e3e8      	LDI  R30,LOW(56)
0002a0 15e4      	CP   R30,R4
0002a1 f411      	BRNE _0x4C
                 ; 0000 017E         toneGenerator(8);
0002a2 e0a8      	LDI  R26,LOW(8)
0002a3 c004      	RJMP _0x52
                 ; 0000 017F       } else if (nada=='9') {
                 _0x4C:
0002a4 e3e9      	LDI  R30,LOW(57)
0002a5 15e4      	CP   R30,R4
0002a6 f411      	BRNE _0x4E
                 ; 0000 0180         toneGenerator(99);
0002a7 e6a3      	LDI  R26,LOW(99)
                 _0x52:
0002a8 df41      	RCALL _toneGenerator
                 ; 0000 0181       }
                 ; 0000 0182     }
                 _0x4E:
                 ; 0000 0183   }
                 _0x3D:
                 _0x3C:
0002a9 cfb2      	RJMP _0x31
                 ; 0000 0184 }
                 _0x4F:
0002aa 0000      	NOP
0002ab cffe      	RJMP _0x4F
                 ; .FEND
                 
                 	.DSEG
                 _rx_buffer1:
000200           	.BYTE 0x8
                 _Dur:
000208           	.BYTE 0x2
                 _gundulPacul:
00020a           	.BYTE 0x7C
                 _Twinkle:
000286           	.BYTE 0x62
                 _ibuKitakartini:
0002e8           	.BYTE 0x78
                 _babyShark:
000360           	.BYTE 0x60
                 _index:
0003c0           	.BYTE 0x2
                 
                 	.CSEG
                 
                 	.CSEG
                 __GETW1P:
0002ac 91ed      	LD   R30,X+
0002ad 91fc      	LD   R31,X
0002ae 9711      	SBIW R26,1
0002af 9508      	RET
                 
                 ;END OF CODE MARKER
                 __END_OF_CODE:


RESOURCE USE INFORMATION
------------------------

Notice:
The register and instruction counts are symbol table hit counts,
and hence implicitly used resources are not counted, eg, the
'lpm' instruction without operands implicitly uses r0 and z,
none of which are counted.

x,y,z are separate entities in the symbol table and are
counted separately from r26..r31 here.

.dseg memory usage only counts static data declared with .byte

ATmega162 register use summary:
r0 :   4 r1 :   1 r2 :   0 r3 :   0 r4 :  16 r5 :   4 r6 :   0 r7 :   3 
r8 :   4 r9 :   1 r10:   0 r11:   0 r12:   0 r13:   0 r14:   0 r15:   0 
r16:   6 r17:   4 r18:   0 r19:   0 r20:   0 r21:   0 r22:   2 r23:   0 
r24:  25 r25:  11 r26:  56 r27:  16 r28:   3 r29:   1 r30: 122 r31:  30 
x  :  14 y  :  27 z  :   8 
Registers used: 21 out of 35 (60.0%)

ATmega162 instruction use summary:
.lds  :   0 .lds.l:   0 .sts  :   0 .sts.l:   0 adc   :   2 add   :   2 
adiw  :   5 and   :   0 andi  :   1 asr   :   0 bclr  :   0 bld   :   0 
brbc  :   0 brbs  :   0 brcc  :   0 brcs  :   0 break :   0 breq  :   4 
brge  :   0 brhc  :   0 brhs  :   0 brid  :   0 brie  :   0 brlo  :   0 
brlt  :   1 brmi  :   0 brne  :  39 brpl  :   0 brsh  :   0 brtc  :   0 
brts  :   0 brvc  :   0 brvs  :   0 bset  :   0 bst   :   0 call  :   1 
cbi   :   2 cbr   :   0 clc   :   0 clh   :   0 cli   :   1 cln   :   0 
clr   :   6 cls   :   0 clt   :   0 clv   :   0 clz   :   0 com   :   0 
cp    :  17 cpc   :  11 cpi   :  13 cpse  :   0 dec   :   1 des   :   0 
eor   :   0 fmul  :   0 fmuls :   0 fmulsu:   0 icall :   0 ijmp  :   0 
in    :   4 inc   :   0 jmp   :  29 ld    :  18 ldd   :   4 ldi   :  91 
lds   :   8 lpm   :   7 lsl   :   2 lsr   :   0 mov   :   3 movw  :   6 
mul   :   0 muls  :   0 mulsu :   0 neg   :   0 nop   :   1 or    :   0 
ori   :   0 out   :  24 pop   :   0 push  :   0 rcall :   7 ret   :   3 
reti  :   1 rjmp  :  31 rol   :   2 ror   :   0 sbc   :   0 sbci  :   1 
sbi   :   1 sbic  :   0 sbis  :   1 sbiw  :  13 sbr   :   0 sbrc  :   0 
sbrs  :   0 sec   :   0 seh   :   0 sei   :   1 sen   :   0 ser   :   0 
ses   :   0 set   :   0 sev   :   0 sez   :   0 sleep :   0 spm   :   0 
st    :  20 std   :   0 sts   :   6 sub   :   0 subi  :   1 swap  :   0 
tst   :   0 wdr   :   0 
Instructions used: 40 out of 116 (34.5%)

ATmega162 memory use summary [bytes]:
Segment   Begin    End      Code   Data   Used    Size   Use%
---------------------------------------------------------------
[.cseg] 0x000000 0x000560    870    506   1376   16384   8.4%
[.dseg] 0x000100 0x0003c2      0    450    450    1024  43.9%
[.eseg] 0x000000 0x000000      0      0      0     512   0.0%

Assembly complete, 0 errors, 15 warnings
